// Jest Snapshot v1, https://goo.gl/fbAQLP

exports[`renders correctly 1`] = `
<nav
  className=""
>
  <h1>
    Math Magicians
  </h1>
  <div>
    <a
      className=""
      href="/"
    >
      Home
    </a>
     
    |
    <a
      className=""
      href="/App"
    >
      Calculator
    </a>
     
    |
    <a
      className=""
      href="/Quote"
    >
      Quote
    </a>
  </div>
</nav>
`;
